2026-09-21 20:37:42,121 INFO DEM backend: rasterio
2026-09-21 20:37:42,270 INFO buildings: 27261 active features, duplicate geometries=148
2026-09-21 20:37:42,279 INFO helipads: 36 active features, duplicate geometries=18
2026-09-21 20:37:43,443 INFO DEM sampling: 5000 / 27261
2026-09-21 20:37:44,237 INFO DEM sampling: 10000 / 27261
2026-09-21 20:37:45,026 INFO DEM sampling: 15000 / 27261
2026-09-21 20:37:45,810 INFO DEM sampling: 20000 / 27261
2026-09-21 20:37:46,607 INFO DEM sampling: 25000 / 27261
2026-09-21 20:37:46,991 INFO Height preparation: 27261 buildings, 12021 unknown tops
2026-09-21 20:37:47,007 INFO Helipad 1/36 H000000: no_spatial_host;surface_parameters_missing
2026-09-21 20:37:47,007 INFO Helipad 2/36 H000001: no_spatial_host;surface_parameters_missing
2026-09-21 20:37:47,008 INFO Helipad 3/36 H000002: no_spatial_host;surface_parameters_missing
2026-09-21 20:37:47,008 INFO Helipad 4/36 H000003: no_spatial_host;surface_parameters_missing
2026-09-21 20:37:47,008 INFO Helipad 5/36 H000004: no_spatial_host;surface_parameters_missing
2026-09-21 20:37:47,008 INFO Helipad 6/36 H000005: no_spatial_host;surface_parameters_missing
2026-09-21 20:37:47,009 INFO Helipad 7/36 H000006: no_spatial_host;surface_parameters_missing
2026-09-21 20:37:47,009 INFO Helipad 8/36 H000007: no_spatial_host;surface_parameters_missing
2026-09-21 20:37:47,009 INFO Helipad 9/36 H000008: no_spatial_host;surface_parameters_missing
2026-09-21 20:37:47,009 INFO Helipad 10/36 H000009: no_spatial_host;surface_parameters_missing
2026-09-21 20:37:47,009 INFO Helipad 11/36 H000010: no_spatial_host;surface_parameters_missing
2026-09-21 20:37:47,010 INFO Helipad 12/36 H000011: no_spatial_host;surface_parameters_missing
2026-09-21 20:37:47,010 INFO Helipad 13/36 H000012: no_spatial_host;surface_parameters_missing
2026-09-21 20:37:47,010 INFO Helipad 14/36 H000013: no_spatial_host;surface_parameters_missing
2026-09-21 20:37:47,010 INFO Helipad 15/36 H000014: no_spatial_host;surface_parameters_missing
2026-09-21 20:37:47,010 INFO Helipad 16/36 H000015: no_spatial_host;surface_parameters_missing
2026-09-21 20:37:47,011 INFO Helipad 17/36 H000016: no_spatial_host;surface_parameters_missing
2026-09-21 20:37:47,011 INFO Helipad 18/36 H000017: no_spatial_host;surface_parameters_missing
2026-09-21 20:37:47,011 INFO Helipad 19/36 H000018: no_spatial_host;surface_parameters_missing
2026-09-21 20:37:47,011 INFO Helipad 20/36 H000019: no_spatial_host;surface_parameters_missing
2026-09-21 20:37:47,011 INFO Helipad 21/36 H000020: no_spatial_host;surface_parameters_missing
2026-09-21 20:37:47,012 INFO Helipad 22/36 H000021: no_spatial_host;surface_parameters_missing
2026-09-21 20:37:47,012 INFO Helipad 23/36 H000022: no_spatial_host;surface_parameters_missing
2026-09-21 20:37:47,012 INFO Helipad 24/36 H000023: no_spatial_host;surface_parameters_missing
2026-09-21 20:37:47,012 INFO Helipad 25/36 H000024: no_spatial_host;surface_parameters_missing
2026-09-21 20:37:47,012 INFO Helipad 26/36 H000025: no_spatial_host;surface_parameters_missing
2026-09-21 20:37:47,012 INFO Helipad 27/36 H000026: no_spatial_host;surface_parameters_missing
2026-09-21 20:37:47,013 INFO Helipad 28/36 H000027: no_spatial_host;surface_parameters_missing
2026-09-21 20:37:47,013 INFO Helipad 29/36 H000028: no_spatial_host;surface_parameters_missing
2026-09-21 20:37:47,013 INFO Helipad 30/36 H000029: no_spatial_host;surface_parameters_missing
2026-09-21 20:37:47,013 INFO Helipad 31/36 H000030: no_spatial_host;surface_parameters_missing
2026-09-21 20:37:47,013 INFO Helipad 32/36 H000031: no_spatial_host;surface_parameters_missing
2026-09-21 20:37:47,014 INFO Helipad 33/36 H000032: no_spatial_host;surface_parameters_missing
2026-09-21 20:37:47,014 INFO Helipad 34/36 H000033: no_spatial_host;surface_parameters_missing
2026-09-21 20:37:47,014 INFO Helipad 35/36 H000034: no_spatial_host;surface_parameters_missing
2026-09-21 20:37:47,014 INFO Helipad 36/36 H000035: no_spatial_host;surface_parameters_missing
2026-09-21 20:37:47,141 INFO Created 0 records
2026-09-21 20:37:47,220 INFO Outputs verified and saved: C:\Users\choih\Desktop\연구\Landing_Depature_Process\자료\결과물
2026-09-21 20:37:47,221 WARNING INCOMPLETE: blank results mean undetermined, not collision-free. See C:\Users\choih\Desktop\연구\Landing_Depature_Process\자료\결과물\validation_report.txt
2026-09-21 20:37:47,221 WARNING Missing surface parameters: length_m, inner_width_m, outer_width_m, slope_percent, start_offset_m
